Expenses Tue Jan 20 02:11:12 CET 1970
Dinner	0	 
Dinner	-100	 
Dinner	1000	 
Dinner	4000	 
Dinner	5000	 
Dinner	1000000	X
Meal expenses: 1009900
Total expenses: 1009900
