Expenses Fri Feb 25 16:26:08 GST 2022
Meal expenses: 0
Total expenses: 0
